../Core/Src/main.c:100:5:main	8	static
../Core/Src/main.c:182:6:SystemClock_Config	88	static
../Core/Src/main.c:223:13:MX_USART2_UART_Init	8	static
../Core/Src/main.c:271:13:MX_GPIO_Init	48	static
../Core/Src/main.c:303:6:HAL_GPIO_EXTI_Falling_Callback	16	static
../Core/Src/main.c:313:6:ToggleLEDThread	16	static
../Core/Src/main.c:323:6:ChangeBlinkingRatio	8	static
../Core/Src/main.c:331:6:ChangeBlinkingRatioThread	16	static
../Core/Src/main.c:346:6:SendBytOverUartThread	24	static
../Core/Src/main.c:371:6:HAL_UART_RxCpltCallback	16	static
../Core/Src/main.c:388:6:StartDefaultTask	16	static
../Core/Src/main.c:407:6:HAL_TIM_PeriodElapsedCallback	16	static
../Core/Src/main.c:424:6:Error_Handler	8	static,ignoring_inline_asm
